[Aged Brie, 5, 45] => Aged Brie, 4, 46
[Aged Brie, 5, 51] => Aged Brie, 4, 51
[Aged Brie, 5, -1] => Aged Brie, 4, 0
[Aged Brie, 12, 45] => Aged Brie, 11, 46
[Aged Brie, 12, 51] => Aged Brie, 11, 51
[Aged Brie, 12, -1] => Aged Brie, 11, 0
[Aged Brie, -1, 45] => Aged Brie, -2, 47
[Aged Brie, -1, 51] => Aged Brie, -2, 51
[Aged Brie, -1, -1] => Aged Brie, -2, 1
[Aged Brie, 7, 45] => Aged Brie, 6, 46
[Aged Brie, 7, 51] => Aged Brie, 6, 51
[Aged Brie, 7, -1] => Aged Brie, 6, 0
[Backstage passes to a TAFKAL80ETC concert, 5, 45] => Backstage passes to a TAFKAL80ETC concert, 4, 48
[Backstage passes to a TAFKAL80ETC concert, 5, 51] => Backstage passes to a TAFKAL80ETC concert, 4, 51
[Backstage passes to a TAFKAL80ETC concert, 5, -1] => Backstage passes to a TAFKAL80ETC concert, 4, 2
[Backstage passes to a TAFKAL80ETC concert, 12, 45] => Backstage passes to a TAFKAL80ETC concert, 11, 46
[Backstage passes to a TAFKAL80ETC concert, 12, 51] => Backstage passes to a TAFKAL80ETC concert, 11, 51
[Backstage passes to a TAFKAL80ETC concert, 12, -1] => Backstage passes to a TAFKAL80ETC concert, 11, 0
[Backstage passes to a TAFKAL80ETC concert, -1, 45] => Backstage passes to a TAFKAL80ETC concert, -2, 0
[Backstage passes to a TAFKAL80ETC concert, -1, 51] => Backstage passes to a TAFKAL80ETC concert, -2, 0
[Backstage passes to a TAFKAL80ETC concert, -1, -1] => Backstage passes to a TAFKAL80ETC concert, -2, 0
[Backstage passes to a TAFKAL80ETC concert, 7, 45] => Backstage passes to a TAFKAL80ETC concert, 6, 47
[Backstage passes to a TAFKAL80ETC concert, 7, 51] => Backstage passes to a TAFKAL80ETC concert, 6, 51
[Backstage passes to a TAFKAL80ETC concert, 7, -1] => Backstage passes to a TAFKAL80ETC concert, 6, 1
[Sulfuras, Hand of Ragnaros, 5, 45] => Sulfuras, Hand of Ragnaros, 5, 45
[Sulfuras, Hand of Ragnaros, 5, 51] => Sulfuras, Hand of Ragnaros, 5, 51
[Sulfuras, Hand of Ragnaros, 5, -1] => Sulfuras, Hand of Ragnaros, 5, -1
[Sulfuras, Hand of Ragnaros, 12, 45] => Sulfuras, Hand of Ragnaros, 12, 45
[Sulfuras, Hand of Ragnaros, 12, 51] => Sulfuras, Hand of Ragnaros, 12, 51
[Sulfuras, Hand of Ragnaros, 12, -1] => Sulfuras, Hand of Ragnaros, 12, -1
[Sulfuras, Hand of Ragnaros, -1, 45] => Sulfuras, Hand of Ragnaros, -1, 45
[Sulfuras, Hand of Ragnaros, -1, 51] => Sulfuras, Hand of Ragnaros, -1, 51
[Sulfuras, Hand of Ragnaros, -1, -1] => Sulfuras, Hand of Ragnaros, -1, -1
[Sulfuras, Hand of Ragnaros, 7, 45] => Sulfuras, Hand of Ragnaros, 7, 45
[Sulfuras, Hand of Ragnaros, 7, 51] => Sulfuras, Hand of Ragnaros, 7, 51
[Sulfuras, Hand of Ragnaros, 7, -1] => Sulfuras, Hand of Ragnaros, 7, -1
[foo, 5, 45] => foo, 4, 44
[foo, 5, 51] => foo, 4, 50
[foo, 5, -1] => foo, 4, -1
[foo, 12, 45] => foo, 11, 44
[foo, 12, 51] => foo, 11, 50
[foo, 12, -1] => foo, 11, -1
[foo, -1, 45] => foo, -2, 43
[foo, -1, 51] => foo, -2, 49
[foo, -1, -1] => foo, -2, -1
[foo, 7, 45] => foo, 6, 44
[foo, 7, 51] => foo, 6, 50
[foo, 7, -1] => foo, 6, -1
